// Jest Snapshot v1, https://goo.gl/fbAQLP

exports[`Covid Cases snapshot Test for Layout 1`] = `null`;
